---
http_interactions:
- request:
    method: post
    uri: https://api.taxjar.com/v2/taxes
    body:
      encoding: UTF-8
      string: '{"customer_id":"1","to_country":"US","to_zip":"11430","to_city":"Herndon","to_state":"NY","to_street":"A
        Different Road","line_items":[{"id":1,"quantity":1,"unit_price":"10.0","discount":"-0.0","product_tax_code":"TaxCode
        - 16961"}],"shipping":"100.0"}'
    headers:
      User-Agent:
      - 'TaxJar/Ruby (Darwin Nicks-Mac-mini.local 21.2.0 Darwin Kernel Version 21.2.0:
        Sun Nov 28 20:29:10 PST 2021; root:xnu-8019.61.5~1/RELEASE_ARM64_T8101 x86_64;
        ruby 2.6.9-p207; OpenSSL 1.1.1m  14 Dec 2021) taxjar-ruby/3.0.2'
      Authorization:
      - Bearer <BEARER_TOKEN>
      X-Api-Version:
      - '2020-08-07'
      Plugin:
      - supergoodsolidustaxjar
      Connection:
      - close
      Content-Type:
      - application/json; charset=UTF-8
      Host:
      - api.taxjar.com
  response:
    status:
      code: 200
      message: OK
    headers:
      Content-Type:
      - application/json; charset=utf-8
      Content-Length:
      - '1487'
      Connection:
      - close
      Date:
      - Mon, 21 Mar 2022 21:26:17 GMT
      X-Amzn-Requestid:
      - 0e6e41fe-9d8b-4cfe-bb6c-f4e148dbb95a
      Access-Control-Allow-Origin:
      - https://developers.taxjar.com
      X-Amz-Apigw-Id:
      - PWoLBHlfoAMFe7g=
      X-Amzn-Trace-Id:
      - Root=1-6238ed79-1b3d098b28f33fde253b05c0
      X-Cache:
      - Miss from cloudfront
      Via:
      - 1.1 ead78c395f4bede3ec6cd7ea180e3d3a.cloudfront.net (CloudFront)
      X-Amz-Cf-Pop:
      - SEA73-P1
      X-Amz-Cf-Id:
      - WSDtPQxVpt8E4oXUax0OhSb3nONYVbmTZI9DF5r3MKUxIdECtRi9Tw==
    body:
      encoding: UTF-8
      string: '{"tax":{"amount_to_collect":9.76,"breakdown":{"city_tax_collectable":5.36,"city_tax_rate":0.04875,"city_taxable_amount":110.0,"combined_tax_rate":0.08875,"county_tax_collectable":0.0,"county_tax_rate":0.0,"county_taxable_amount":0.0,"line_items":[{"city_amount":0.49,"city_tax_rate":0.04875,"city_taxable_amount":10.0,"combined_tax_rate":0.08875,"county_amount":0.0,"county_tax_rate":0.0,"county_taxable_amount":0.0,"id":"1","special_district_amount":0.0,"special_district_taxable_amount":0.0,"special_tax_rate":0.0,"state_amount":0.4,"state_sales_tax_rate":0.04,"state_taxable_amount":10.0,"tax_collectable":0.89,"taxable_amount":10.0}],"shipping":{"city_amount":4.88,"city_tax_rate":0.04875,"city_taxable_amount":100.0,"combined_tax_rate":0.08875,"county_amount":0.0,"county_tax_rate":0.0,"county_taxable_amount":0.0,"special_district_amount":0.0,"special_tax_rate":0.0,"special_taxable_amount":0.0,"state_amount":4.0,"state_sales_tax_rate":0.04,"state_taxable_amount":100.0,"tax_collectable":8.88,"taxable_amount":100.0},"special_district_tax_collectable":0.0,"special_district_taxable_amount":0.0,"special_tax_rate":0.0,"state_tax_collectable":4.4,"state_tax_rate":0.04,"state_taxable_amount":110.0,"tax_collectable":9.76,"taxable_amount":110.0},"freight_taxable":true,"has_nexus":true,"jurisdictions":{"city":"NEW
        YORK CITY","country":"US","county":"QUEENS","state":"NY"},"order_total_amount":110.0,"rate":0.08875,"shipping":100.0,"tax_source":"destination","taxable_amount":110.0}}'
    http_version:
  recorded_at: Mon, 21 Mar 2022 21:26:17 GMT
- request:
    method: post
    uri: https://api.taxjar.com/v2/taxes
    body:
      encoding: UTF-8
      string: '{"customer_id":"1","to_country":"US","to_zip":"11430","to_city":"Herndon","to_state":"NY","to_street":"A
        Different Road","line_items":[{"id":1,"quantity":1,"unit_price":"10.0","discount":"-0.0","product_tax_code":"TaxCode
        - 16961"}],"shipping":"100.0"}'
    headers:
      User-Agent:
      - 'TaxJar/Ruby (Darwin Nicks-Mac-mini.local 21.2.0 Darwin Kernel Version 21.2.0:
        Sun Nov 28 20:29:10 PST 2021; root:xnu-8019.61.5~1/RELEASE_ARM64_T8101 x86_64;
        ruby 2.6.9-p207; OpenSSL 1.1.1m  14 Dec 2021) taxjar-ruby/3.0.2'
      Authorization:
      - Bearer <BEARER_TOKEN>
      X-Api-Version:
      - '2020-08-07'
      Plugin:
      - supergoodsolidustaxjar
      Connection:
      - close
      Content-Type:
      - application/json; charset=UTF-8
      Host:
      - api.taxjar.com
  response:
    status:
      code: 200
      message: OK
    headers:
      Content-Type:
      - application/json; charset=utf-8
      Content-Length:
      - '1487'
      Connection:
      - close
      Date:
      - Mon, 21 Mar 2022 21:26:18 GMT
      X-Amzn-Requestid:
      - a3b1b949-1158-4194-856c-7fc46b06314d
      Access-Control-Allow-Origin:
      - https://developers.taxjar.com
      X-Amz-Apigw-Id:
      - PWoLFHm2IAMFe7g=
      X-Amzn-Trace-Id:
      - Root=1-6238ed79-142a467d715eb0ef75b32c96
      X-Cache:
      - Miss from cloudfront
      Via:
      - 1.1 91356d2137f5a7345e93da4516c49ec4.cloudfront.net (CloudFront)
      X-Amz-Cf-Pop:
      - SEA73-P1
      X-Amz-Cf-Id:
      - QKfY3g5fuy3wJYPDMbkqk74xh_X5YCdIuqGDllzEbPagyn7uSiUlIw==
    body:
      encoding: UTF-8
      string: '{"tax":{"amount_to_collect":9.76,"breakdown":{"city_tax_collectable":5.36,"city_tax_rate":0.04875,"city_taxable_amount":110.0,"combined_tax_rate":0.08875,"county_tax_collectable":0.0,"county_tax_rate":0.0,"county_taxable_amount":0.0,"line_items":[{"city_amount":0.49,"city_tax_rate":0.04875,"city_taxable_amount":10.0,"combined_tax_rate":0.08875,"county_amount":0.0,"county_tax_rate":0.0,"county_taxable_amount":0.0,"id":"1","special_district_amount":0.0,"special_district_taxable_amount":0.0,"special_tax_rate":0.0,"state_amount":0.4,"state_sales_tax_rate":0.04,"state_taxable_amount":10.0,"tax_collectable":0.89,"taxable_amount":10.0}],"shipping":{"city_amount":4.88,"city_tax_rate":0.04875,"city_taxable_amount":100.0,"combined_tax_rate":0.08875,"county_amount":0.0,"county_tax_rate":0.0,"county_taxable_amount":0.0,"special_district_amount":0.0,"special_tax_rate":0.0,"special_taxable_amount":0.0,"state_amount":4.0,"state_sales_tax_rate":0.04,"state_taxable_amount":100.0,"tax_collectable":8.88,"taxable_amount":100.0},"special_district_tax_collectable":0.0,"special_district_taxable_amount":0.0,"special_tax_rate":0.0,"state_tax_collectable":4.4,"state_tax_rate":0.04,"state_taxable_amount":110.0,"tax_collectable":9.76,"taxable_amount":110.0},"freight_taxable":true,"has_nexus":true,"jurisdictions":{"city":"NEW
        YORK CITY","country":"US","county":"QUEENS","state":"NY"},"order_total_amount":110.0,"rate":0.08875,"shipping":100.0,"tax_source":"destination","taxable_amount":110.0}}'
    http_version:
  recorded_at: Mon, 21 Mar 2022 21:26:17 GMT
- request:
    method: post
    uri: https://api.taxjar.com/v2/transactions/orders
    body:
      encoding: UTF-8
      string: '{"customer_id":"1","to_country":"US","to_zip":"11430","to_city":"Herndon","to_state":"NY","to_street":"A
        Different Road","line_items":[{"id":1,"quantity":1,"product_identifier":"SKU-1","description":"Product
        #1 - 2658 - Master","product_tax_code":"TaxCode - 16961","unit_price":"10.0","discount":"-0.0","sales_tax":"0.89"}],"transaction_id":"R707003799","transaction_date":"2022-03-21T21:26:17Z","amount":"110.0","shipping":"100.0","sales_tax":"9.77"}'
    headers:
      User-Agent:
      - 'TaxJar/Ruby (Darwin Nicks-Mac-mini.local 21.2.0 Darwin Kernel Version 21.2.0:
        Sun Nov 28 20:29:10 PST 2021; root:xnu-8019.61.5~1/RELEASE_ARM64_T8101 x86_64;
        ruby 2.6.9-p207; OpenSSL 1.1.1m  14 Dec 2021) taxjar-ruby/3.0.2'
      Authorization:
      - Bearer <BEARER_TOKEN>
      X-Api-Version:
      - '2020-08-07'
      Plugin:
      - supergoodsolidustaxjar
      Connection:
      - close
      Content-Type:
      - application/json; charset=UTF-8
      Host:
      - api.taxjar.com
  response:
    status:
      code: 201
      message: Created
    headers:
      Content-Type:
      - application/json; charset=utf-8
      Content-Length:
      - '642'
      Connection:
      - close
      Date:
      - Mon, 21 Mar 2022 21:26:18 GMT
      X-Amzn-Requestid:
      - e305dae5-01ee-497d-a668-c0479cbd6b39
      X-Amzn-Remapped-Content-Length:
      - '642'
      X-Amzn-Remapped-Connection:
      - keep-alive
      X-Request-Id:
      - Ft6Cewuma5JfYtUY7hdC
      X-Api-Version:
      - '2020-08-07'
      X-Amz-Apigw-Id:
      - PWoLMF7goAMFYOA=
      Cache-Control:
      - max-age=0, private, must-revalidate
      X-Amzn-Remapped-Server:
      - Cowboy
      X-Amzn-Remapped-Date:
      - Mon, 21 Mar 2022 21:26:18 GMT
      X-Cache:
      - Miss from cloudfront
      Via:
      - 1.1 73cb83fe6699afc2791b5c690c1ff8c6.cloudfront.net (CloudFront)
      X-Amz-Cf-Pop:
      - SEA73-P1
      X-Amz-Cf-Id:
      - HyKlDQcXrkWtBaKVDGib4ctiL3kj9gDGuECsegnDYStFFXWK8aiPGw==
    body:
      encoding: UTF-8
      string: '{"order":{"user_id":225397,"transaction_reference_id":null,"transaction_id":"R707003799","transaction_date":"2022-03-21T21:26:17.000Z","to_zip":"11430","to_street":"A
        Different Road","to_state":"NY","to_country":"US","to_city":"HERNDON","shipping":"100.0","sales_tax":"9.77","provider":"api","line_items":[{"unit_price":"10.0","sales_tax":"0.89","quantity":1,"product_tax_code":"TaxCode
        - 16961","product_identifier":"SKU-1","id":0,"discount":"0.0","description":"Product
        #1 - 2658 - Master"}],"from_zip":null,"from_street":null,"from_state":null,"from_country":"US","from_city":null,"exemption_type":null,"customer_id":"1","amount":"110.0"}}'
    http_version:
  recorded_at: Mon, 21 Mar 2022 21:26:18 GMT
recorded_with: VCR 4.0.0
